Archive member included to satisfy reference by file (symbol)

d:/programming/atmel/7.0/toolchain/avr8/avr8-gnu-toolchain/bin/../lib/gcc/avr/5.4.0/avr5\libgcc.a(_udivmodsi4.o)
                              Atmega32_Drivers/MCAL/UART/Atmega32_UART.o (__udivmodsi4)
d:/programming/atmel/7.0/toolchain/avr8/avr8-gnu-toolchain/bin/../lib/gcc/avr/5.4.0/avr5\libgcc.a(_exit.o)
                              D:/programming/Atmel/7.0/Packs/atmel/ATmega_DFP/1.7.374/gcc/dev/atmega32/avr5/crtatmega32.o (exit)
d:/programming/atmel/7.0/toolchain/avr8/avr8-gnu-toolchain/bin/../lib/gcc/avr/5.4.0/avr5\libgcc.a(_copy_data.o)
                              main.o (__do_copy_data)
d:/programming/atmel/7.0/toolchain/avr8/avr8-gnu-toolchain/bin/../lib/gcc/avr/5.4.0/avr5\libgcc.a(_clear_bss.o)
                              Atmega32_Drivers/HAL/LCD_Driver/LCD_program.o (__do_clear_bss)
d:/programming/atmel/7.0/toolchain/avr8/avr8-gnu-toolchain/bin/../lib/gcc/avr/5.4.0/avr5\libgcc.a(_muluhisi3.o)
                              Atmega32_Drivers/MCAL/UART/Atmega32_UART.o (__muluhisi3)
d:/programming/atmel/7.0/toolchain/avr8/avr8-gnu-toolchain/bin/../lib/gcc/avr/5.4.0/avr5\libgcc.a(_umulhisi3.o)
                              d:/programming/atmel/7.0/toolchain/avr8/avr8-gnu-toolchain/bin/../lib/gcc/avr/5.4.0/avr5\libgcc.a(_muluhisi3.o) (__umulhisi3)

Allocating common symbols
Common symbol       size              file

ADC_CFG             0x5               Atmega32_Drivers/MCAL/ADC/Atmega32_ADC.o
localPrescaler      0x1               Atmega32_Drivers/MCAL/WDT/Atmega32_WDT_program.o
config              0x2               Atmega32_Drivers/HAL/LCD_Driver/LCD_program.o

Discarded input sections

 .data          0x00000000        0x0 D:/programming/Atmel/7.0/Packs/atmel/ATmega_DFP/1.7.374/gcc/dev/atmega32/avr5/crtatmega32.o
 .bss           0x00000000        0x0 D:/programming/Atmel/7.0/Packs/atmel/ATmega_DFP/1.7.374/gcc/dev/atmega32/avr5/crtatmega32.o
 .text          0x00000000        0x0 Atmega32_Drivers/HAL/LCD_Driver/LCD_program.o
 .data          0x00000000        0x0 Atmega32_Drivers/HAL/LCD_Driver/LCD_program.o
 .bss           0x00000000        0x0 Atmega32_Drivers/HAL/LCD_Driver/LCD_program.o
 .text.LCD_Busy_Wait
                0x00000000       0xb2 Atmega32_Drivers/HAL/LCD_Driver/LCD_program.o
 .text          0x00000000        0x0 Atmega32_Drivers/HAL/PIR_Sensor_Driver/PIR_Program.o
 .data          0x00000000        0x0 Atmega32_Drivers/HAL/PIR_Sensor_Driver/PIR_Program.o
 .bss           0x00000000        0x0 Atmega32_Drivers/HAL/PIR_Sensor_Driver/PIR_Program.o
 .text          0x00000000        0x0 Atmega32_Drivers/HAL/Servo_Motor_Driver/Servo_Motor_Program.o
 .data          0x00000000        0x0 Atmega32_Drivers/HAL/Servo_Motor_Driver/Servo_Motor_Program.o
 .bss           0x00000000        0x0 Atmega32_Drivers/HAL/Servo_Motor_Driver/Servo_Motor_Program.o
 .text.HAL_ServoMotorInit
                0x00000000       0x5c Atmega32_Drivers/HAL/Servo_Motor_Driver/Servo_Motor_Program.o
 .text.HAL_ServoMotorTurn
                0x00000000        0x8 Atmega32_Drivers/HAL/Servo_Motor_Driver/Servo_Motor_Program.o
 .debug_info    0x00000000      0x38a Atmega32_Drivers/HAL/Servo_Motor_Driver/Servo_Motor_Program.o
 .debug_abbrev  0x00000000      0x13e Atmega32_Drivers/HAL/Servo_Motor_Driver/Servo_Motor_Program.o
 .debug_loc     0x00000000       0x94 Atmega32_Drivers/HAL/Servo_Motor_Driver/Servo_Motor_Program.o
 .debug_aranges
                0x00000000       0x28 Atmega32_Drivers/HAL/Servo_Motor_Driver/Servo_Motor_Program.o
 .debug_ranges  0x00000000       0x18 Atmega32_Drivers/HAL/Servo_Motor_Driver/Servo_Motor_Program.o
 .debug_line    0x00000000      0x214 Atmega32_Drivers/HAL/Servo_Motor_Driver/Servo_Motor_Program.o
 .debug_str     0x00000000      0x4fb Atmega32_Drivers/HAL/Servo_Motor_Driver/Servo_Motor_Program.o
 .comment       0x00000000       0x31 Atmega32_Drivers/HAL/Servo_Motor_Driver/Servo_Motor_Program.o
 .debug_frame   0x00000000       0x4c Atmega32_Drivers/HAL/Servo_Motor_Driver/Servo_Motor_Program.o
 .text          0x00000000        0x0 Atmega32_Drivers/MCAL/ADC/Atmega32_ADC.o
 .data          0x00000000        0x0 Atmega32_Drivers/MCAL/ADC/Atmega32_ADC.o
 .bss           0x00000000        0x0 Atmega32_Drivers/MCAL/ADC/Atmega32_ADC.o
 .text.MCAL_ADC_Init
                0x00000000       0xc2 Atmega32_Drivers/MCAL/ADC/Atmega32_ADC.o
 .text.MCAL_ADC_Reset
                0x00000000        0xe Atmega32_Drivers/MCAL/ADC/Atmega32_ADC.o
 .text.MCAL_ADC_StartConversion
                0x00000000       0x1c Atmega32_Drivers/MCAL/ADC/Atmega32_ADC.o
 .text.MCAL_ADC_StopConversion
                0x00000000       0x12 Atmega32_Drivers/MCAL/ADC/Atmega32_ADC.o
 .text.MCAL_ADC_SwitchChannel
                0x00000000       0x2a Atmega32_Drivers/MCAL/ADC/Atmega32_ADC.o
 .text.MCAL_ADC_GetResult
                0x00000000       0x30 Atmega32_Drivers/MCAL/ADC/Atmega32_ADC.o
 .text.MCAL_ADC_ConvertData
                0x00000000       0x28 Atmega32_Drivers/MCAL/ADC/Atmega32_ADC.o
 .text.MCAL_ADC_Set_EOC_Callback
                0x00000000       0x20 Atmega32_Drivers/MCAL/ADC/Atmega32_ADC.o
 COMMON         0x00000000        0x5 Atmega32_Drivers/MCAL/ADC/Atmega32_ADC.o
 .text          0x00000000        0x0 Atmega32_Drivers/MCAL/GPIO/Atmega32_GPIO.o
 .data          0x00000000        0x0 Atmega32_Drivers/MCAL/GPIO/Atmega32_GPIO.o
 .bss           0x00000000        0x0 Atmega32_Drivers/MCAL/GPIO/Atmega32_GPIO.o
 .text.MCAL_GPIO_DeInit
                0x00000000        0xa Atmega32_Drivers/MCAL/GPIO/Atmega32_GPIO.o
 .text.MCAL_GPIO_ReadPort
                0x00000000        0x6 Atmega32_Drivers/MCAL/GPIO/Atmega32_GPIO.o
 .text.MCAL_GPIO_WritePort
                0x00000000        0x6 Atmega32_Drivers/MCAL/GPIO/Atmega32_GPIO.o
 .text.MCAL_GPIO_TogglePin
                0x00000000       0x18 Atmega32_Drivers/MCAL/GPIO/Atmega32_GPIO.o
 .text          0x00000000        0x0 Atmega32_Drivers/MCAL/SPI/Atmega32_SPI.o
 .data          0x00000000        0x0 Atmega32_Drivers/MCAL/SPI/Atmega32_SPI.o
 .bss           0x00000000        0x0 Atmega32_Drivers/MCAL/SPI/Atmega32_SPI.o
 .text.MCAL_SPI_GPIO_Set_Pins
                0x00000000       0xf6 Atmega32_Drivers/MCAL/SPI/Atmega32_SPI.o
 .text.MCAL_SPI_Init
                0x00000000       0x56 Atmega32_Drivers/MCAL/SPI/Atmega32_SPI.o
 .text.MCAL_SPI_Reset
                0x00000000        0x6 Atmega32_Drivers/MCAL/SPI/Atmega32_SPI.o
 .text.MCAL_SPI_SendData
                0x00000000       0x10 Atmega32_Drivers/MCAL/SPI/Atmega32_SPI.o
 .text.MCAL_SPI_ReceiveData
                0x00000000       0x10 Atmega32_Drivers/MCAL/SPI/Atmega32_SPI.o
 .text.MCAL_SPI_ExchangeData
                0x00000000       0x12 Atmega32_Drivers/MCAL/SPI/Atmega32_SPI.o
 .text.MCAL_SPI_Enable
                0x00000000        0x8 Atmega32_Drivers/MCAL/SPI/Atmega32_SPI.o
 .text.MCAL_SPI_Disable
                0x00000000        0x8 Atmega32_Drivers/MCAL/SPI/Atmega32_SPI.o
 .text          0x00000000        0x0 Atmega32_Drivers/MCAL/Timer0/Atmega32_Timer0.o
 .data          0x00000000        0x0 Atmega32_Drivers/MCAL/Timer0/Atmega32_Timer0.o
 .bss           0x00000000        0x0 Atmega32_Drivers/MCAL/Timer0/Atmega32_Timer0.o
 .text.MCAL_TIMER0_Init
                0x00000000       0xe6 Atmega32_Drivers/MCAL/Timer0/Atmega32_Timer0.o
 .text.MCAL_TIMER0_Stop
                0x00000000        0xa Atmega32_Drivers/MCAL/Timer0/Atmega32_Timer0.o
 .text.Timer0_SingleIntervalDelayCallback
                0x00000000       0x68 Atmega32_Drivers/MCAL/Timer0/Atmega32_Timer0.o
 .text.MCAL_TIMER0_Start
                0x00000000        0xe Atmega32_Drivers/MCAL/Timer0/Atmega32_Timer0.o
 .text.MCAL_TIMER0_GetCompare
                0x00000000        0xa Atmega32_Drivers/MCAL/Timer0/Atmega32_Timer0.o
 .text.MCAL_TIMER0_SetCompare
                0x00000000        0x6 Atmega32_Drivers/MCAL/Timer0/Atmega32_Timer0.o
 .text.MCAL_TIMER0_GetCounter
                0x00000000        0xa Atmega32_Drivers/MCAL/Timer0/Atmega32_Timer0.o
 .text.MCAL_TIMER0_SetCounter
                0x00000000        0x6 Atmega32_Drivers/MCAL/Timer0/Atmega32_Timer0.o
 .text.MCAL_TIMER0_GetOverflow
                0x00000000       0x1e Atmega32_Drivers/MCAL/Timer0/Atmega32_Timer0.o
 .text.MCAL_TIMER0_SetOverflow
                0x00000000       0x14 Atmega32_Drivers/MCAL/Timer0/Atmega32_Timer0.o
 .text.MCAL_TIMER0_BusyWaitDelayms
                0x00000000       0x74 Atmega32_Drivers/MCAL/Timer0/Atmega32_Timer0.o
 .text.MCAL_TIMER0_BusyWaitDelayus
                0x00000000       0x90 Atmega32_Drivers/MCAL/Timer0/Atmega32_Timer0.o
 .text.MCAL_TIMER0_CALLBACK_Overflow_INTERRUPT
                0x00000000        0xa Atmega32_Drivers/MCAL/Timer0/Atmega32_Timer0.o
 .text.MCAL_TIMER0_CALLBACK_CompareMatch_INTERRUPT
                0x00000000        0xa Atmega32_Drivers/MCAL/Timer0/Atmega32_Timer0.o
 .text.MCAL_TIMER0_SingleIntervalDelayms
                0x00000000       0x7a Atmega32_Drivers/MCAL/Timer0/Atmega32_Timer0.o
 .bss.LOC_u32CTCcounter.1746
                0x00000000        0x4 Atmega32_Drivers/MCAL/Timer0/Atmega32_Timer0.o
 .bss.Glob_fptrInterruptedDelayCallback
                0x00000000        0x2 Atmega32_Drivers/MCAL/Timer0/Atmega32_Timer0.o
 .bss.Glob_u32DelayInMilliseconds
                0x00000000        0x4 Atmega32_Drivers/MCAL/Timer0/Atmega32_Timer0.o
 .bss.timer0_CFG
                0x00000000        0x5 Atmega32_Drivers/MCAL/Timer0/Atmega32_Timer0.o
 .text          0x00000000        0x0 Atmega32_Drivers/MCAL/Timer2/Atmega32_Timer2.o
 .data          0x00000000        0x0 Atmega32_Drivers/MCAL/Timer2/Atmega32_Timer2.o
 .bss           0x00000000        0x0 Atmega32_Drivers/MCAL/Timer2/Atmega32_Timer2.o
 .text.MCAL_TIMER2_Init
                0x00000000       0xea Atmega32_Drivers/MCAL/Timer2/Atmega32_Timer2.o
 .text.MCAL_TIMER2_Stop
                0x00000000        0xa Atmega32_Drivers/MCAL/Timer2/Atmega32_Timer2.o
 .text.MCAL_TIMER2_Start
                0x00000000        0xe Atmega32_Drivers/MCAL/Timer2/Atmega32_Timer2.o
 .text.MCAL_TIMER2_GetCompare
                0x00000000        0xa Atmega32_Drivers/MCAL/Timer2/Atmega32_Timer2.o
 .text.MCAL_TIMER2_SetCompare
                0x00000000        0x6 Atmega32_Drivers/MCAL/Timer2/Atmega32_Timer2.o
 .text.MCAL_TIMER2_GetCounter
                0x00000000        0xa Atmega32_Drivers/MCAL/Timer2/Atmega32_Timer2.o
 .text.MCAL_TIMER2_SetCounter
                0x00000000        0x6 Atmega32_Drivers/MCAL/Timer2/Atmega32_Timer2.o
 .text.MCAL_TIMER2_GetOverflow
                0x00000000       0x1e Atmega32_Drivers/MCAL/Timer2/Atmega32_Timer2.o
 .text.MCAL_TIMER2_SetOverflow
                0x00000000       0x14 Atmega32_Drivers/MCAL/Timer2/Atmega32_Timer2.o
 .text.MCAL_TIMER2_BusyWaitDelayms
                0x00000000       0x74 Atmega32_Drivers/MCAL/Timer2/Atmega32_Timer2.o
 .text.MCAL_TIMER2_BusyWaitDelayus
                0x00000000       0x90 Atmega32_Drivers/MCAL/Timer2/Atmega32_Timer2.o
 .text.MCAL_TIMER2_CALLBACK_Overflow_INTERRUPT
                0x00000000        0xa Atmega32_Drivers/MCAL/Timer2/Atmega32_Timer2.o
 .text.MCAL_TIMER2_CALLBACK_CompareMatch_INTERRUPT
                0x00000000        0xa Atmega32_Drivers/MCAL/Timer2/Atmega32_Timer2.o
 .bss.Timer2_CFG
                0x00000000        0x5 Atmega32_Drivers/MCAL/Timer2/Atmega32_Timer2.o
 .text          0x00000000        0x0 Atmega32_Drivers/MCAL/UART/Atmega32_UART.o
 .data          0x00000000        0x0 Atmega32_Drivers/MCAL/UART/Atmega32_UART.o
 .bss           0x00000000        0x0 Atmega32_Drivers/MCAL/UART/Atmega32_UART.o
 .text.MCAL_UART_Init
                0x00000000       0xb2 Atmega32_Drivers/MCAL/UART/Atmega32_UART.o
 .text.MCAL_UART_Send_Data
                0x00000000       0x2a Atmega32_Drivers/MCAL/UART/Atmega32_UART.o
 .text.MCAL_UART_Get_Data
                0x00000000       0x4a Atmega32_Drivers/MCAL/UART/Atmega32_UART.o
 .text.MCAL_USART_Send_String
                0x00000000       0x1e Atmega32_Drivers/MCAL/UART/Atmega32_UART.o
 .text.MCAL_USART_Get_String
                0x00000000       0x5c Atmega32_Drivers/MCAL/UART/Atmega32_UART.o
 .text.MCAL_UART_WAIT_TC
                0x00000000        0x6 Atmega32_Drivers/MCAL/UART/Atmega32_UART.o
 .text.MCAL_UART_Interrupt_EN
                0x00000000       0x58 Atmega32_Drivers/MCAL/UART/Atmega32_UART.o
 .text.MCAL_UART_Interrupt_Disable
                0x00000000       0x26 Atmega32_Drivers/MCAL/UART/Atmega32_UART.o
 .bss.LOC_cfg   0x00000000        0x9 Atmega32_Drivers/MCAL/UART/Atmega32_UART.o
 .text          0x00000000        0x0 Atmega32_Drivers/MCAL/WDT/Atmega32_WDT_program.o
 .data          0x00000000        0x0 Atmega32_Drivers/MCAL/WDT/Atmega32_WDT_program.o
 .bss           0x00000000        0x0 Atmega32_Drivers/MCAL/WDT/Atmega32_WDT_program.o
 .text.MCAL_WDT_Disable
                0x00000000        0xe Atmega32_Drivers/MCAL/WDT/Atmega32_WDT_program.o
 .text.MCAL_WDT_ResetStatus
                0x00000000        0xe Atmega32_Drivers/MCAL/WDT/Atmega32_WDT_program.o
 .text.MCAL_WDT_Enable
                0x00000000       0x36 Atmega32_Drivers/MCAL/WDT/Atmega32_WDT_program.o
 .text.MCAL_WDT_Reset
                0x00000000        0xe Atmega32_Drivers/MCAL/WDT/Atmega32_WDT_program.o
 .debug_info    0x00000000      0x193 Atmega32_Drivers/MCAL/WDT/Atmega32_WDT_program.o
 .debug_abbrev  0x00000000       0xef Atmega32_Drivers/MCAL/WDT/Atmega32_WDT_program.o
 .debug_loc     0x00000000       0x40 Atmega32_Drivers/MCAL/WDT/Atmega32_WDT_program.o
 .debug_aranges
                0x00000000       0x38 Atmega32_Drivers/MCAL/WDT/Atmega32_WDT_program.o
 .debug_ranges  0x00000000       0x28 Atmega32_Drivers/MCAL/WDT/Atmega32_WDT_program.o
 .debug_line    0x00000000      0x163 Atmega32_Drivers/MCAL/WDT/Atmega32_WDT_program.o
 .debug_str     0x00000000      0x2d9 Atmega32_Drivers/MCAL/WDT/Atmega32_WDT_program.o
 .comment       0x00000000       0x31 Atmega32_Drivers/MCAL/WDT/Atmega32_WDT_program.o
 .debug_frame   0x00000000       0x54 Atmega32_Drivers/MCAL/WDT/Atmega32_WDT_program.o
 COMMON         0x00000000        0x1 Atmega32_Drivers/MCAL/WDT/Atmega32_WDT_program.o
 .text          0x00000000        0x0 main.o
 .data          0x00000000        0x0 main.o
 .bss           0x00000000        0x0 main.o
 .text          0x00000000        0x0 d:/programming/atmel/7.0/toolchain/avr8/avr8-gnu-toolchain/bin/../lib/gcc/avr/5.4.0/avr5\libgcc.a(_udivmodsi4.o)
 .data          0x00000000        0x0 d:/programming/atmel/7.0/toolchain/avr8/avr8-gnu-toolchain/bin/../lib/gcc/avr/5.4.0/avr5\libgcc.a(_udivmodsi4.o)
 .bss           0x00000000        0x0 d:/programming/atmel/7.0/toolchain/avr8/avr8-gnu-toolchain/bin/../lib/gcc/avr/5.4.0/avr5\libgcc.a(_udivmodsi4.o)
 .text.libgcc.mul
                0x00000000        0x0 d:/programming/atmel/7.0/toolchain/avr8/avr8-gnu-toolchain/bin/../lib/gcc/avr/5.4.0/avr5\libgcc.a(_udivmodsi4.o)
 .text.libgcc.div
                0x00000000       0x44 d:/programming/atmel/7.0/toolchain/avr8/avr8-gnu-toolchain/bin/../lib/gcc/avr/5.4.0/avr5\libgcc.a(_udivmodsi4.o)
 .text.libgcc   0x00000000        0x0 d:/programming/atmel/7.0/toolchain/avr8/avr8-gnu-toolchain/bin/../lib/gcc/avr/5.4.0/avr5\libgcc.a(_udivmodsi4.o)
 .text.libgcc.prologue
                0x00000000        0x0 d:/programming/atmel/7.0/toolchain/avr8/avr8-gnu-toolchain/bin/../lib/gcc/avr/5.4.0/avr5\libgcc.a(_udivmodsi4.o)
 .text.libgcc.builtins
                0x00000000        0x0 d:/programming/atmel/7.0/toolchain/avr8/avr8-gnu-toolchain/bin/../lib/gcc/avr/5.4.0/avr5\libgcc.a(_udivmodsi4.o)
 .text.libgcc.fmul
                0x00000000        0x0 d:/programming/atmel/7.0/toolchain/avr8/avr8-gnu-toolchain/bin/../lib/gcc/avr/5.4.0/avr5\libgcc.a(_udivmodsi4.o)
 .text.libgcc.fixed
                0x00000000        0x0 d:/programming/atmel/7.0/toolchain/avr8/avr8-gnu-toolchain/bin/../lib/gcc/avr/5.4.0/avr5\libgcc.a(_udivmodsi4.o)
 .text          0x00000000        0x0 d:/programming/atmel/7.0/toolchain/avr8/avr8-gnu-toolchain/bin/../lib/gcc/avr/5.4.0/avr5\libgcc.a(_exit.o)
 .data          0x00000000        0x0 d:/programming/atmel/7.0/toolchain/avr8/avr8-gnu-toolchain/bin/../lib/gcc/avr/5.4.0/avr5\libgcc.a(_exit.o)
 .bss           0x00000000        0x0 d:/programming/atmel/7.0/toolchain/avr8/avr8-gnu-toolchain/bin/../lib/gcc/avr/5.4.0/avr5\libgcc.a(_exit.o)
 .text.libgcc.mul
                0x00000000        0x0 d:/programming/atmel/7.0/toolchain/avr8/avr8-gnu-toolchain/bin/../lib/gcc/avr/5.4.0/avr5\libgcc.a(_exit.o)
 .text.libgcc.div
                0x00000000        0x0 d:/programming/atmel/7.0/toolchain/avr8/avr8-gnu-toolchain/bin/../lib/gcc/avr/5.4.0/avr5\libgcc.a(_exit.o)
 .text.libgcc   0x00000000        0x0 d:/programming/atmel/7.0/toolchain/avr8/avr8-gnu-toolchain/bin/../lib/gcc/avr/5.4.0/avr5\libgcc.a(_exit.o)
 .text.libgcc.prologue
                0x00000000        0x0 d:/programming/atmel/7.0/toolchain/avr8/avr8-gnu-toolchain/bin/../lib/gcc/avr/5.4.0/avr5\libgcc.a(_exit.o)
 .text.libgcc.builtins
                0x00000000        0x0 d:/programming/atmel/7.0/toolchain/avr8/avr8-gnu-toolchain/bin/../lib/gcc/avr/5.4.0/avr5\libgcc.a(_exit.o)
 .text.libgcc.fmul
                0x00000000        0x0 d:/programming/atmel/7.0/toolchain/avr8/avr8-gnu-toolchain/bin/../lib/gcc/avr/5.4.0/avr5\libgcc.a(_exit.o)
 .text.libgcc.fixed
                0x00000000        0x0 d:/programming/atmel/7.0/toolchain/avr8/avr8-gnu-toolchain/bin/../lib/gcc/avr/5.4.0/avr5\libgcc.a(_exit.o)
 .text          0x00000000        0x0 d:/programming/atmel/7.0/toolchain/avr8/avr8-gnu-toolchain/bin/../lib/gcc/avr/5.4.0/avr5\libgcc.a(_copy_data.o)
 .data          0x00000000        0x0 d:/programming/atmel/7.0/toolchain/avr8/avr8-gnu-toolchain/bin/../lib/gcc/avr/5.4.0/avr5\libgcc.a(_copy_data.o)
 .bss           0x00000000        0x0 d:/programming/atmel/7.0/toolchain/avr8/avr8-gnu-toolchain/bin/../lib/gcc/avr/5.4.0/avr5\libgcc.a(_copy_data.o)
 .text.libgcc.mul
                0x00000000        0x0 d:/programming/atmel/7.0/toolchain/avr8/avr8-gnu-toolchain/bin/../lib/gcc/avr/5.4.0/avr5\libgcc.a(_copy_data.o)
 .text.libgcc.div
                0x00000000        0x0 d:/programming/atmel/7.0/toolchain/avr8/avr8-gnu-toolchain/bin/../lib/gcc/avr/5.4.0/avr5\libgcc.a(_copy_data.o)
 .text.libgcc   0x00000000        0x0 d:/programming/atmel/7.0/toolchain/avr8/avr8-gnu-toolchain/bin/../lib/gcc/avr/5.4.0/avr5\libgcc.a(_copy_data.o)
 .text.libgcc.prologue
                0x00000000        0x0 d:/programming/atmel/7.0/toolchain/avr8/avr8-gnu-toolchain/bin/../lib/gcc/avr/5.4.0/avr5\libgcc.a(_copy_data.o)
 .text.libgcc.builtins
                0x00000000        0x0 d:/programming/atmel/7.0/toolchain/avr8/avr8-gnu-toolchain/bin/../lib/gcc/avr/5.4.0/avr5\libgcc.a(_copy_data.o)
 .text.libgcc.fmul
                0x00000000        0x0 d:/programming/atmel/7.0/toolchain/avr8/avr8-gnu-toolchain/bin/../lib/gcc/avr/5.4.0/avr5\libgcc.a(_copy_data.o)
 .text.libgcc.fixed
                0x00000000        0x0 d:/programming/atmel/7.0/toolchain/avr8/avr8-gnu-toolchain/bin/../lib/gcc/avr/5.4.0/avr5\libgcc.a(_copy_data.o)
 .text          0x00000000        0x0 d:/programming/atmel/7.0/toolchain/avr8/avr8-gnu-toolchain/bin/../lib/gcc/avr/5.4.0/avr5\libgcc.a(_clear_bss.o)
 .data          0x00000000        0x0 d:/programming/atmel/7.0/toolchain/avr8/avr8-gnu-toolchain/bin/../lib/gcc/avr/5.4.0/avr5\libgcc.a(_clear_bss.o)
 .bss           0x00000000        0x0 d:/programming/atmel/7.0/toolchain/avr8/avr8-gnu-toolchain/bin/../lib/gcc/avr/5.4.0/avr5\libgcc.a(_clear_bss.o)
 .text.libgcc.mul
                0x00000000        0x0 d:/programming/atmel/7.0/toolchain/avr8/avr8-gnu-toolchain/bin/../lib/gcc/avr/5.4.0/avr5\libgcc.a(_clear_bss.o)
 .text.libgcc.div
                0x00000000        0x0 d:/programming/atmel/7.0/toolchain/avr8/avr8-gnu-toolchain/bin/../lib/gcc/avr/5.4.0/avr5\libgcc.a(_clear_bss.o)
 .text.libgcc   0x00000000        0x0 d:/programming/atmel/7.0/toolchain/avr8/avr8-gnu-toolchain/bin/../lib/gcc/avr/5.4.0/avr5\libgcc.a(_clear_bss.o)
 .text.libgcc.prologue
                0x00000000        0x0 d:/programming/atmel/7.0/toolchain/avr8/avr8-gnu-toolchain/bin/../lib/gcc/avr/5.4.0/avr5\libgcc.a(_clear_bss.o)
 .text.libgcc.builtins
                0x00000000        0x0 d:/programming/atmel/7.0/toolchain/avr8/avr8-gnu-toolchain/bin/../lib/gcc/avr/5.4.0/avr5\libgcc.a(_clear_bss.o)
 .text.libgcc.fmul
                0x00000000        0x0 d:/programming/atmel/7.0/toolchain/avr8/avr8-gnu-toolchain/bin/../lib/gcc/avr/5.4.0/avr5\libgcc.a(_clear_bss.o)
 .text.libgcc.fixed
                0x00000000        0x0 d:/programming/atmel/7.0/toolchain/avr8/avr8-gnu-toolchain/bin/../lib/gcc/avr/5.4.0/avr5\libgcc.a(_clear_bss.o)
 .text          0x00000000        0x0 d:/programming/atmel/7.0/toolchain/avr8/avr8-gnu-toolchain/bin/../lib/gcc/avr/5.4.0/avr5\libgcc.a(_muluhisi3.o)
 .data          0x00000000        0x0 d:/programming/atmel/7.0/toolchain/avr8/avr8-gnu-toolchain/bin/../lib/gcc/avr/5.4.0/avr5\libgcc.a(_muluhisi3.o)
 .bss           0x00000000        0x0 d:/programming/atmel/7.0/toolchain/avr8/avr8-gnu-toolchain/bin/../lib/gcc/avr/5.4.0/avr5\libgcc.a(_muluhisi3.o)
 .text.libgcc.mul
                0x00000000       0x16 d:/programming/atmel/7.0/toolchain/avr8/avr8-gnu-toolchain/bin/../lib/gcc/avr/5.4.0/avr5\libgcc.a(_muluhisi3.o)
 .text.libgcc.div
                0x00000000        0x0 d:/programming/atmel/7.0/toolchain/avr8/avr8-gnu-toolchain/bin/../lib/gcc/avr/5.4.0/avr5\libgcc.a(_muluhisi3.o)
 .text.libgcc   0x00000000        0x0 d:/programming/atmel/7.0/toolchain/avr8/avr8-gnu-toolchain/bin/../lib/gcc/avr/5.4.0/avr5\libgcc.a(_muluhisi3.o)
 .text.libgcc.prologue
                0x00000000        0x0 d:/programming/atmel/7.0/toolchain/avr8/avr8-gnu-toolchain/bin/../lib/gcc/avr/5.4.0/avr5\libgcc.a(_muluhisi3.o)
 .text.libgcc.builtins
                0x00000000        0x0 d:/programming/atmel/7.0/toolchain/avr8/avr8-gnu-toolchain/bin/../lib/gcc/avr/5.4.0/avr5\libgcc.a(_muluhisi3.o)
 .text.libgcc.fmul
                0x00000000        0x0 d:/programming/atmel/7.0/toolchain/avr8/avr8-gnu-toolchain/bin/../lib/gcc/avr/5.4.0/avr5\libgcc.a(_muluhisi3.o)
 .text.libgcc.fixed
                0x00000000        0x0 d:/programming/atmel/7.0/toolchain/avr8/avr8-gnu-toolchain/bin/../lib/gcc/avr/5.4.0/avr5\libgcc.a(_muluhisi3.o)
 .text          0x00000000        0x0 d:/programming/atmel/7.0/toolchain/avr8/avr8-gnu-toolchain/bin/../lib/gcc/avr/5.4.0/avr5\libgcc.a(_umulhisi3.o)
 .data          0x00000000        0x0 d:/programming/atmel/7.0/toolchain/avr8/avr8-gnu-toolchain/bin/../lib/gcc/avr/5.4.0/avr5\libgcc.a(_umulhisi3.o)
 .bss           0x00000000        0x0 d:/programming/atmel/7.0/toolchain/avr8/avr8-gnu-toolchain/bin/../lib/gcc/avr/5.4.0/avr5\libgcc.a(_umulhisi3.o)
 .text.libgcc.mul
                0x00000000       0x1e d:/programming/atmel/7.0/toolchain/avr8/avr8-gnu-toolchain/bin/../lib/gcc/avr/5.4.0/avr5\libgcc.a(_umulhisi3.o)
 .text.libgcc.div
                0x00000000        0x0 d:/programming/atmel/7.0/toolchain/avr8/avr8-gnu-toolchain/bin/../lib/gcc/avr/5.4.0/avr5\libgcc.a(_umulhisi3.o)
 .text.libgcc   0x00000000        0x0 d:/programming/atmel/7.0/toolchain/avr8/avr8-gnu-toolchain/bin/../lib/gcc/avr/5.4.0/avr5\libgcc.a(_umulhisi3.o)
 .text.libgcc.prologue
                0x00000000        0x0 d:/programming/atmel/7.0/toolchain/avr8/avr8-gnu-toolchain/bin/../lib/gcc/avr/5.4.0/avr5\libgcc.a(_umulhisi3.o)
 .text.libgcc.builtins
                0x00000000        0x0 d:/programming/atmel/7.0/toolchain/avr8/avr8-gnu-toolchain/bin/../lib/gcc/avr/5.4.0/avr5\libgcc.a(_umulhisi3.o)
 .text.libgcc.fmul
                0x00000000        0x0 d:/programming/atmel/7.0/toolchain/avr8/avr8-gnu-toolchain/bin/../lib/gcc/avr/5.4.0/avr5\libgcc.a(_umulhisi3.o)
 .text.libgcc.fixed
                0x00000000        0x0 d:/programming/atmel/7.0/toolchain/avr8/avr8-gnu-toolchain/bin/../lib/gcc/avr/5.4.0/avr5\libgcc.a(_umulhisi3.o)

Memory Configuration

Name             Origin             Length             Attributes
text             0x00000000         0x00008000         xr
data             0x00800060         0x00000800         rw !x
eeprom           0x00810000         0x00000400         rw !x
fuse             0x00820000         0x00000002         rw !x
lock             0x00830000         0x00000400         rw !x
signature        0x00840000         0x00000400         rw !x
user_signatures  0x00850000         0x00000400         rw !x
*default*        0x00000000         0xffffffff

Linker script and memory map

LOAD D:/programming/Atmel/7.0/Packs/atmel/ATmega_DFP/1.7.374/gcc/dev/atmega32/avr5/crtatmega32.o
LOAD Atmega32_Drivers/HAL/LCD_Driver/LCD_program.o
LOAD Atmega32_Drivers/HAL/PIR_Sensor_Driver/PIR_Program.o
LOAD Atmega32_Drivers/HAL/Servo_Motor_Driver/Servo_Motor_Program.o
LOAD Atmega32_Drivers/MCAL/ADC/Atmega32_ADC.o
LOAD Atmega32_Drivers/MCAL/GPIO/Atmega32_GPIO.o
LOAD Atmega32_Drivers/MCAL/SPI/Atmega32_SPI.o
LOAD Atmega32_Drivers/MCAL/Timer0/Atmega32_Timer0.o
LOAD Atmega32_Drivers/MCAL/Timer2/Atmega32_Timer2.o
LOAD Atmega32_Drivers/MCAL/UART/Atmega32_UART.o
LOAD Atmega32_Drivers/MCAL/WDT/Atmega32_WDT_program.o
LOAD main.o
START GROUP
LOAD d:/programming/atmel/7.0/toolchain/avr8/avr8-gnu-toolchain/bin/../lib/gcc/avr/5.4.0/../../../../avr/lib/avr5\libm.a
END GROUP
START GROUP
LOAD d:/programming/atmel/7.0/toolchain/avr8/avr8-gnu-toolchain/bin/../lib/gcc/avr/5.4.0/avr5\libgcc.a
LOAD d:/programming/atmel/7.0/toolchain/avr8/avr8-gnu-toolchain/bin/../lib/gcc/avr/5.4.0/../../../../avr/lib/avr5\libm.a
LOAD d:/programming/atmel/7.0/toolchain/avr8/avr8-gnu-toolchain/bin/../lib/gcc/avr/5.4.0/../../../../avr/lib/avr5\libc.a
LOAD D:/programming/Atmel/7.0/Packs/atmel/ATmega_DFP/1.7.374/gcc/dev/atmega32/avr5\libatmega32.a
END GROUP
                0x00000000                __TEXT_REGION_ORIGIN__ = DEFINED (__TEXT_REGION_ORIGIN__)?__TEXT_REGION_ORIGIN__:0x0
                [0x00800060]                __DATA_REGION_ORIGIN__ = DEFINED (__DATA_REGION_ORIGIN__)?__DATA_REGION_ORIGIN__:0x800060
                [0x00008000]                __TEXT_REGION_LENGTH__ = DEFINED (__TEXT_REGION_LENGTH__)?__TEXT_REGION_LENGTH__:0x20000
                [0x00000800]                __DATA_REGION_LENGTH__ = DEFINED (__DATA_REGION_LENGTH__)?__DATA_REGION_LENGTH__:0xffa0
                [0x00000400]                __EEPROM_REGION_LENGTH__ = DEFINED (__EEPROM_REGION_LENGTH__)?__EEPROM_REGION_LENGTH__:0x10000
                [0x00000002]                __FUSE_REGION_LENGTH__ = DEFINED (__FUSE_REGION_LENGTH__)?__FUSE_REGION_LENGTH__:0x400
                0x00000400                __LOCK_REGION_LENGTH__ = DEFINED (__LOCK_REGION_LENGTH__)?__LOCK_REGION_LENGTH__:0x400
                0x00000400                __SIGNATURE_REGION_LENGTH__ = DEFINED (__SIGNATURE_REGION_LENGTH__)?__SIGNATURE_REGION_LENGTH__:0x400
                0x00000400                __USER_SIGNATURE_REGION_LENGTH__ = DEFINED (__USER_SIGNATURE_REGION_LENGTH__)?__USER_SIGNATURE_REGION_LENGTH__:0x400

.hash
 *(.hash)

.dynsym
 *(.dynsym)

.dynstr
 *(.dynstr)

.gnu.version
 *(.gnu.version)

.gnu.version_d
 *(.gnu.version_d)

.gnu.version_r
 *(.gnu.version_r)

.rel.init
 *(.rel.init)

.rela.init
 *(.rela.init)

.rel.text
 *(.rel.text)
 *(.rel.text.*)
 *(.rel.gnu.linkonce.t*)

.rela.text
 *(.rela.text)
 *(.rela.text.*)
 *(.rela.gnu.linkonce.t*)

.rel.fini
 *(.rel.fini)

.rela.fini
 *(.rela.fini)

.rel.rodata
 *(.rel.rodata)
 *(.rel.rodata.*)
 *(.rel.gnu.linkonce.r*)

.rela.rodata
 *(.rela.rodata)
 *(.rela.rodata.*)
 *(.rela.gnu.linkonce.r*)

.rel.data
 *(.rel.data)
 *(.rel.data.*)
 *(.rel.gnu.linkonce.d*)

.rela.data
 *(.rela.data)
 *(.rela.data.*)
 *(.rela.gnu.linkonce.d*)

.rel.ctors
 *(.rel.ctors)

.rela.ctors
 *(.rela.ctors)

.rel.dtors
 *(.rel.dtors)

.rela.dtors
 *(.rela.dtors)

.rel.got
 *(.rel.got)

.rela.got
 *(.rela.got)

.rel.bss
 *(.rel.bss)

.rela.bss
 *(.rela.bss)

.rel.plt
 *(.rel.plt)

.rela.plt
 *(.rela.plt)

.text           0x00000000      0x8ba
 *(.vectors)
 .vectors       0x00000000       0x54 D:/programming/Atmel/7.0/Packs/atmel/ATmega_DFP/1.7.374/gcc/dev/atmega32/avr5/crtatmega32.o
                0x00000000                __vector_default
                0x00000000                __vectors
 *(.vectors)
 *(.progmem.gcc*)
                0x00000054                . = ALIGN (0x2)
                0x00000054                __trampolines_start = .
 *(.trampolines)
 .trampolines   0x00000054        0x0 linker stubs
 *(.trampolines*)
                0x00000054                __trampolines_end = .
 *libprintf_flt.a:*(.progmem.data)
 *libc.a:*(.progmem.data)
 *(.progmem*)
                0x00000054                . = ALIGN (0x2)
 *(.jumptables)
 *(.jumptables*)
 *(.lowtext)
 *(.lowtext*)
                0x00000054                __ctors_start = .
 *(.ctors)
                0x00000054                __ctors_end = .
                0x00000054                __dtors_start = .
 *(.dtors)
                0x00000054                __dtors_end = .
 SORT(*)(.ctors)
 SORT(*)(.dtors)
 *(.init0)
 .init0         0x00000054        0x0 D:/programming/Atmel/7.0/Packs/atmel/ATmega_DFP/1.7.374/gcc/dev/atmega32/avr5/crtatmega32.o
                0x00000054                __init
 *(.init0)
 *(.init1)
 *(.init1)
 *(.init2)
 .init2         0x00000054        0xc D:/programming/Atmel/7.0/Packs/atmel/ATmega_DFP/1.7.374/gcc/dev/atmega32/avr5/crtatmega32.o
 *(.init2)
 *(.init3)
 *(.init3)
 *(.init4)
 .init4         0x00000060       0x16 d:/programming/atmel/7.0/toolchain/avr8/avr8-gnu-toolchain/bin/../lib/gcc/avr/5.4.0/avr5\libgcc.a(_copy_data.o)
                0x00000060                __do_copy_data
 .init4         0x00000076       0x10 d:/programming/atmel/7.0/toolchain/avr8/avr8-gnu-toolchain/bin/../lib/gcc/avr/5.4.0/avr5\libgcc.a(_clear_bss.o)
                0x00000076                __do_clear_bss
 *(.init4)
 *(.init5)
 *(.init5)
 *(.init6)
 *(.init6)
 *(.init7)
 *(.init7)
 *(.init8)
 *(.init8)
 *(.init9)
 .init9         0x00000086        0x8 D:/programming/Atmel/7.0/Packs/atmel/ATmega_DFP/1.7.374/gcc/dev/atmega32/avr5/crtatmega32.o
 *(.init9)
 *(.text)
 .text          0x0000008e        0x4 D:/programming/Atmel/7.0/Packs/atmel/ATmega_DFP/1.7.374/gcc/dev/atmega32/avr5/crtatmega32.o
                0x0000008e                __vector_1
                0x0000008e                __bad_interrupt
                0x0000008e                __vector_6
                0x0000008e                __vector_3
                0x0000008e                __vector_17
                0x0000008e                __vector_19
                0x0000008e                __vector_7
                0x0000008e                __vector_9
                0x0000008e                __vector_2
                0x0000008e                __vector_8
                0x0000008e                __vector_18
                0x0000008e                __vector_20
                0x00000092                . = ALIGN (0x2)
 *(.text.*)
 .text._delay_ms
                0x00000092       0x34 Atmega32_Drivers/HAL/LCD_Driver/LCD_program.o
                0x00000092                _delay_ms
 .text.LCD_Enable_Pulse
                0x000000c6       0x20 Atmega32_Drivers/HAL/LCD_Driver/LCD_program.o
                0x000000c6                LCD_Enable_Pulse
 .text.LCD_Send_Command
                0x000000e6       0xf4 Atmega32_Drivers/HAL/LCD_Driver/LCD_program.o
                0x000000e6                LCD_Send_Command
 .text.LCD_Init
                0x000001da       0xb8 Atmega32_Drivers/HAL/LCD_Driver/LCD_program.o
                0x000001da                LCD_Init
 .text.LCD_Cursor_XY
                0x00000292       0x54 Atmega32_Drivers/HAL/LCD_Driver/LCD_program.o
                0x00000292                LCD_Cursor_XY
 .text.LCD_Clear_Screen
                0x000002e6       0x10 Atmega32_Drivers/HAL/LCD_Driver/LCD_program.o
                0x000002e6                LCD_Clear_Screen
 .text.Check_End_Of_Line
                0x000002f6       0x42 Atmega32_Drivers/HAL/LCD_Driver/LCD_program.o
                0x000002f6                Check_End_Of_Line
 .text.LCD_Send_Char
                0x00000338      0x102 Atmega32_Drivers/HAL/LCD_Driver/LCD_program.o
                0x00000338                LCD_Send_Char
 .text.LCD_Send_String
                0x0000043a       0x1a Atmega32_Drivers/HAL/LCD_Driver/LCD_program.o
                0x0000043a                LCD_Send_String
 .text.HAL_PIR_Init
                0x00000454       0x22 Atmega32_Drivers/HAL/PIR_Sensor_Driver/PIR_Program.o
                0x00000454                HAL_PIR_Init
 .text.HAL_PIR_ReadStatus
                0x00000476       0x10 Atmega32_Drivers/HAL/PIR_Sensor_Driver/PIR_Program.o
                0x00000476                HAL_PIR_ReadStatus
 .text.__vector_16
                0x00000486       0x52 Atmega32_Drivers/MCAL/ADC/Atmega32_ADC.o
                0x00000486                __vector_16
 .text.MCAL_GPIO_Init
                0x000004d8       0x72 Atmega32_Drivers/MCAL/GPIO/Atmega32_GPIO.o
                0x000004d8                MCAL_GPIO_Init
 .text.MCAL_GPIO_ReadPin
                0x0000054a       0x32 Atmega32_Drivers/MCAL/GPIO/Atmega32_GPIO.o
                0x0000054a                MCAL_GPIO_ReadPin
 .text.MCAL_GPIO_WritePin
                0x0000057c       0x34 Atmega32_Drivers/MCAL/GPIO/Atmega32_GPIO.o
                0x0000057c                MCAL_GPIO_WritePin
 .text.__vector_12
                0x000005b0       0x4e Atmega32_Drivers/MCAL/SPI/Atmega32_SPI.o
                0x000005b0                __vector_12
 .text.__vector_10
                0x000005fe       0x4e Atmega32_Drivers/MCAL/Timer0/Atmega32_Timer0.o
                0x000005fe                __vector_10
 .text.__vector_11
                0x0000064c       0x74 Atmega32_Drivers/MCAL/Timer0/Atmega32_Timer0.o
                0x0000064c                __vector_11
 .text.__vector_4
                0x000006c0       0x4e Atmega32_Drivers/MCAL/Timer2/Atmega32_Timer2.o
                0x000006c0                __vector_4
 .text.__vector_5
                0x0000070e       0x74 Atmega32_Drivers/MCAL/Timer2/Atmega32_Timer2.o
                0x0000070e                __vector_5
 .text.__vector_13
                0x00000782       0x4e Atmega32_Drivers/MCAL/UART/Atmega32_UART.o
                0x00000782                __vector_13
 .text.__vector_14
                0x000007d0       0x4e Atmega32_Drivers/MCAL/UART/Atmega32_UART.o
                0x000007d0                __vector_14
 .text.__vector_15
                0x0000081e       0x4e Atmega32_Drivers/MCAL/UART/Atmega32_UART.o
                0x0000081e                __vector_15
 .text.main     0x0000086c       0x4a main.o
                0x0000086c                main
                0x000008b6                . = ALIGN (0x2)
 *(.fini9)
 .fini9         0x000008b6        0x0 d:/programming/atmel/7.0/toolchain/avr8/avr8-gnu-toolchain/bin/../lib/gcc/avr/5.4.0/avr5\libgcc.a(_exit.o)
                0x000008b6                _exit
                0x000008b6                exit
 *(.fini9)
 *(.fini8)
 *(.fini8)
 *(.fini7)
 *(.fini7)
 *(.fini6)
 *(.fini6)
 *(.fini5)
 *(.fini5)
 *(.fini4)
 *(.fini4)
 *(.fini3)
 *(.fini3)
 *(.fini2)
 *(.fini2)
 *(.fini1)
 *(.fini1)
 *(.fini0)
 .fini0         0x000008b6        0x4 d:/programming/atmel/7.0/toolchain/avr8/avr8-gnu-toolchain/bin/../lib/gcc/avr/5.4.0/avr5\libgcc.a(_exit.o)
 *(.fini0)
                0x000008ba                _etext = .

.data           0x00800060       0x1a load address 0x000008ba
                0x00800060                PROVIDE (__data_start, .)
 *(.data)
 *(.data*)
 *(.gnu.linkonce.d*)
 *(.rodata)
 *(.rodata*)
 .rodata.str1.1
                0x00800060       0x1a main.o
 *(.gnu.linkonce.r*)
                0x0080007a                . = ALIGN (0x2)
                0x0080007a                _edata = .
                0x0080007a                PROVIDE (__data_end, .)

.bss            0x0080007a       0x1e
                0x0080007a                PROVIDE (__bss_start, .)
 *(.bss)
 *(.bss*)
 .bss.lineCounter
                0x0080007a        0x1 Atmega32_Drivers/HAL/LCD_Driver/LCD_program.o
 .bss.charCounter
                0x0080007b        0x1 Atmega32_Drivers/HAL/LCD_Driver/LCD_program.o
 .bss.endOfConversionCallback
                0x0080007c        0x2 Atmega32_Drivers/MCAL/ADC/Atmega32_ADC.o
                0x0080007c                endOfConversionCallback
 .bss.p_IRQ_callback_SPI
                0x0080007e        0x2 Atmega32_Drivers/MCAL/SPI/Atmega32_SPI.o
 .bss.outputCompareMatchCallback
                0x00800080        0x2 Atmega32_Drivers/MCAL/Timer0/Atmega32_Timer0.o
 .bss.overflowCallback
                0x00800082        0x2 Atmega32_Drivers/MCAL/Timer0/Atmega32_Timer0.o
 .bss.overflowCounter
                0x00800084        0x4 Atmega32_Drivers/MCAL/Timer0/Atmega32_Timer0.o
 .bss.outputCompareMatchCallback
                0x00800088        0x2 Atmega32_Drivers/MCAL/Timer2/Atmega32_Timer2.o
 .bss.overflowCallback
                0x0080008a        0x2 Atmega32_Drivers/MCAL/Timer2/Atmega32_Timer2.o
 .bss.overflowCounter
                0x0080008c        0x4 Atmega32_Drivers/MCAL/Timer2/Atmega32_Timer2.o
 .bss.LOC_fptr_UDRE_callback
                0x00800090        0x2 Atmega32_Drivers/MCAL/UART/Atmega32_UART.o
 .bss.LOC_fptr_TXC_callback
                0x00800092        0x2 Atmega32_Drivers/MCAL/UART/Atmega32_UART.o
 .bss.LOC_fptr_RXC_callback
                0x00800094        0x2 Atmega32_Drivers/MCAL/UART/Atmega32_UART.o
 *(COMMON)
 COMMON         0x00800096        0x2 Atmega32_Drivers/HAL/LCD_Driver/LCD_program.o
                0x00800096                config
                0x00800098                PROVIDE (__bss_end, .)
                0x000008ba                __data_load_start = LOADADDR (.data)
                0x000008d4                __data_load_end = (__data_load_start + SIZEOF (.data))

.noinit         0x00800098        0x0
                [!provide]                PROVIDE (__noinit_start, .)
 *(.noinit*)
                [!provide]                PROVIDE (__noinit_end, .)
                0x00800098                _end = .
                [!provide]                PROVIDE (__heap_start, .)

.eeprom         0x00810000        0x0
 *(.eeprom*)
                0x00810000                __eeprom_end = .

.fuse
 *(.fuse)
 *(.lfuse)
 *(.hfuse)
 *(.efuse)

.lock
 *(.lock*)

.signature
 *(.signature*)

.user_signatures
 *(.user_signatures*)

.stab
 *(.stab)

.stabstr
 *(.stabstr)

.stab.excl
 *(.stab.excl)

.stab.exclstr
 *(.stab.exclstr)

.stab.index
 *(.stab.index)

.stab.indexstr
 *(.stab.indexstr)

.comment        0x00000000       0x30
 *(.comment)
 .comment       0x00000000       0x30 Atmega32_Drivers/HAL/LCD_Driver/LCD_program.o
                                 0x31 (size before relaxing)
 .comment       0x00000030       0x31 Atmega32_Drivers/HAL/PIR_Sensor_Driver/PIR_Program.o
 .comment       0x00000030       0x31 Atmega32_Drivers/MCAL/ADC/Atmega32_ADC.o
 .comment       0x00000030       0x31 Atmega32_Drivers/MCAL/GPIO/Atmega32_GPIO.o
 .comment       0x00000030       0x31 Atmega32_Drivers/MCAL/SPI/Atmega32_SPI.o
 .comment       0x00000030       0x31 Atmega32_Drivers/MCAL/Timer0/Atmega32_Timer0.o
 .comment       0x00000030       0x31 Atmega32_Drivers/MCAL/Timer2/Atmega32_Timer2.o
 .comment       0x00000030       0x31 Atmega32_Drivers/MCAL/UART/Atmega32_UART.o
 .comment       0x00000030       0x31 main.o

.note.gnu.avr.deviceinfo
                0x00000000       0x3c
 .note.gnu.avr.deviceinfo
                0x00000000       0x3c D:/programming/Atmel/7.0/Packs/atmel/ATmega_DFP/1.7.374/gcc/dev/atmega32/avr5/crtatmega32.o

.note.gnu.build-id
 *(.note.gnu.build-id)

.debug
 *(.debug)

.line
 *(.line)

.debug_srcinfo
 *(.debug_srcinfo)

.debug_sfnames
 *(.debug_sfnames)

.debug_aranges  0x00000000      0x360
 *(.debug_aranges)
 .debug_aranges
                0x00000000       0x68 Atmega32_Drivers/HAL/LCD_Driver/LCD_program.o
 .debug_aranges
                0x00000068       0x28 Atmega32_Drivers/HAL/PIR_Sensor_Driver/PIR_Program.o
 .debug_aranges
                0x00000090       0x60 Atmega32_Drivers/MCAL/ADC/Atmega32_ADC.o
 .debug_aranges
                0x000000f0       0x50 Atmega32_Drivers/MCAL/GPIO/Atmega32_GPIO.o
 .debug_aranges
                0x00000140       0x60 Atmega32_Drivers/MCAL/SPI/Atmega32_SPI.o
 .debug_aranges
                0x000001a0       0xa0 Atmega32_Drivers/MCAL/Timer0/Atmega32_Timer0.o
 .debug_aranges
                0x00000240       0x90 Atmega32_Drivers/MCAL/Timer2/Atmega32_Timer2.o
 .debug_aranges
                0x000002d0       0x70 Atmega32_Drivers/MCAL/UART/Atmega32_UART.o
 .debug_aranges
                0x00000340       0x20 main.o

.debug_pubnames
 *(.debug_pubnames)

.debug_info     0x00000000     0x34ad
 *(.debug_info .gnu.linkonce.wi.*)
 .debug_info    0x00000000      0x4e6 D:/programming/Atmel/7.0/Packs/atmel/ATmega_DFP/1.7.374/gcc/dev/atmega32/avr5/crtatmega32.o
 .debug_info    0x000004e6      0x973 Atmega32_Drivers/HAL/LCD_Driver/LCD_program.o
 .debug_info    0x00000e59      0x227 Atmega32_Drivers/HAL/PIR_Sensor_Driver/PIR_Program.o
 .debug_info    0x00001080      0x580 Atmega32_Drivers/MCAL/ADC/Atmega32_ADC.o
 .debug_info    0x00001600      0x2b1 Atmega32_Drivers/MCAL/GPIO/Atmega32_GPIO.o
 .debug_info    0x000018b1      0x55c Atmega32_Drivers/MCAL/SPI/Atmega32_SPI.o
 .debug_info    0x00001e0d      0x7c5 Atmega32_Drivers/MCAL/Timer0/Atmega32_Timer0.o
 .debug_info    0x000025d2      0x6da Atmega32_Drivers/MCAL/Timer2/Atmega32_Timer2.o
 .debug_info    0x00002cac      0x5ee Atmega32_Drivers/MCAL/UART/Atmega32_UART.o
 .debug_info    0x0000329a      0x213 main.o

.debug_abbrev   0x00000000     0x12f1
 *(.debug_abbrev)
 .debug_abbrev  0x00000000      0x4a3 D:/programming/Atmel/7.0/Packs/atmel/ATmega_DFP/1.7.374/gcc/dev/atmega32/avr5/crtatmega32.o
 .debug_abbrev  0x000004a3      0x19c Atmega32_Drivers/HAL/LCD_Driver/LCD_program.o
 .debug_abbrev  0x0000063f      0x127 Atmega32_Drivers/HAL/PIR_Sensor_Driver/PIR_Program.o
 .debug_abbrev  0x00000766      0x186 Atmega32_Drivers/MCAL/ADC/Atmega32_ADC.o
 .debug_abbrev  0x000008ec       0xef Atmega32_Drivers/MCAL/GPIO/Atmega32_GPIO.o
 .debug_abbrev  0x000009db      0x179 Atmega32_Drivers/MCAL/SPI/Atmega32_SPI.o
 .debug_abbrev  0x00000b54      0x249 Atmega32_Drivers/MCAL/Timer0/Atmega32_Timer0.o
 .debug_abbrev  0x00000d9d      0x240 Atmega32_Drivers/MCAL/Timer2/Atmega32_Timer2.o
 .debug_abbrev  0x00000fdd      0x213 Atmega32_Drivers/MCAL/UART/Atmega32_UART.o
 .debug_abbrev  0x000011f0      0x101 main.o

.debug_line     0x00000000     0x1fa2
 *(.debug_line .debug_line.* .debug_line_end)
 .debug_line    0x00000000      0x116 D:/programming/Atmel/7.0/Packs/atmel/ATmega_DFP/1.7.374/gcc/dev/atmega32/avr5/crtatmega32.o
 .debug_line    0x00000116      0x4ef Atmega32_Drivers/HAL/LCD_Driver/LCD_program.o
 .debug_line    0x00000605      0x197 Atmega32_Drivers/HAL/PIR_Sensor_Driver/PIR_Program.o
 .debug_line    0x0000079c      0x3e2 Atmega32_Drivers/MCAL/ADC/Atmega32_ADC.o
 .debug_line    0x00000b7e      0x1e9 Atmega32_Drivers/MCAL/GPIO/Atmega32_GPIO.o
 .debug_line    0x00000d67      0x335 Atmega32_Drivers/MCAL/SPI/Atmega32_SPI.o
 .debug_line    0x0000109c      0x4f4 Atmega32_Drivers/MCAL/Timer0/Atmega32_Timer0.o
 .debug_line    0x00001590      0x477 Atmega32_Drivers/MCAL/Timer2/Atmega32_Timer2.o
 .debug_line    0x00001a07      0x406 Atmega32_Drivers/MCAL/UART/Atmega32_UART.o
 .debug_line    0x00001e0d      0x195 main.o

.debug_frame    0x00000000      0xa4c
 *(.debug_frame)
 .debug_frame   0x00000000      0x11c Atmega32_Drivers/HAL/LCD_Driver/LCD_program.o
 .debug_frame   0x0000011c       0x44 Atmega32_Drivers/HAL/PIR_Sensor_Driver/PIR_Program.o
 .debug_frame   0x00000160      0x10c Atmega32_Drivers/MCAL/ADC/Atmega32_ADC.o
 .debug_frame   0x0000026c       0x84 Atmega32_Drivers/MCAL/GPIO/Atmega32_GPIO.o
 .debug_frame   0x000002f0      0x108 Atmega32_Drivers/MCAL/SPI/Atmega32_SPI.o
 .debug_frame   0x000003f8      0x254 Atmega32_Drivers/MCAL/Timer0/Atmega32_Timer0.o
 .debug_frame   0x0000064c      0x204 Atmega32_Drivers/MCAL/Timer2/Atmega32_Timer2.o
 .debug_frame   0x00000850      0x1d8 Atmega32_Drivers/MCAL/UART/Atmega32_UART.o
 .debug_frame   0x00000a28       0x24 main.o

.debug_str      0x00000000     0x1c5e
 *(.debug_str)
 .debug_str     0x00000000      0x196 D:/programming/Atmel/7.0/Packs/atmel/ATmega_DFP/1.7.374/gcc/dev/atmega32/avr5/crtatmega32.o
 .debug_str     0x00000196      0x2a5 Atmega32_Drivers/HAL/LCD_Driver/LCD_program.o
                                0x2e8 (size before relaxing)
 .debug_str     0x0000043b       0xd2 Atmega32_Drivers/HAL/PIR_Sensor_Driver/PIR_Program.o
                                0x29e (size before relaxing)
 .debug_str     0x0000050d      0x67b Atmega32_Drivers/MCAL/ADC/Atmega32_ADC.o
                                0x812 (size before relaxing)
 .debug_str     0x00000b88       0x8a Atmega32_Drivers/MCAL/GPIO/Atmega32_GPIO.o
                                0x288 (size before relaxing)
 .debug_str     0x00000c12      0x23a Atmega32_Drivers/MCAL/SPI/Atmega32_SPI.o
                                0x428 (size before relaxing)
 .debug_str     0x00000e4c      0x4f1 Atmega32_Drivers/MCAL/Timer0/Atmega32_Timer0.o
                                0x6eb (size before relaxing)
 .debug_str     0x0000133d      0x3dd Atmega32_Drivers/MCAL/Timer2/Atmega32_Timer2.o
                                0x690 (size before relaxing)
 .debug_str     0x0000171a      0x52e Atmega32_Drivers/MCAL/UART/Atmega32_UART.o
                                0x707 (size before relaxing)
 .debug_str     0x00001c48       0x16 main.o
                                0x22e (size before relaxing)

.debug_loc      0x00000000     0x1d5a
 *(.debug_loc)
 .debug_loc     0x00000000      0x2e5 Atmega32_Drivers/HAL/LCD_Driver/LCD_program.o
 .debug_loc     0x000002e5       0xf5 Atmega32_Drivers/HAL/PIR_Sensor_Driver/PIR_Program.o
 .debug_loc     0x000003da      0x403 Atmega32_Drivers/MCAL/ADC/Atmega32_ADC.o
 .debug_loc     0x000007dd       0xb0 Atmega32_Drivers/MCAL/GPIO/Atmega32_GPIO.o
 .debug_loc     0x0000088d      0x1c5 Atmega32_Drivers/MCAL/SPI/Atmega32_SPI.o
 .debug_loc     0x00000a52      0x668 Atmega32_Drivers/MCAL/Timer0/Atmega32_Timer0.o
 .debug_loc     0x000010ba      0x55a Atmega32_Drivers/MCAL/Timer2/Atmega32_Timer2.o
 .debug_loc     0x00001614      0x6ff Atmega32_Drivers/MCAL/UART/Atmega32_UART.o
 .debug_loc     0x00001d13       0x47 main.o

.debug_macinfo
 *(.debug_macinfo)

.debug_weaknames
 *(.debug_weaknames)

.debug_funcnames
 *(.debug_funcnames)

.debug_typenames
 *(.debug_typenames)

.debug_varnames
 *(.debug_varnames)

.debug_pubtypes
 *(.debug_pubtypes)

.debug_ranges   0x00000000      0x2d0
 *(.debug_ranges)
 .debug_ranges  0x00000000       0x58 Atmega32_Drivers/HAL/LCD_Driver/LCD_program.o
 .debug_ranges  0x00000058       0x18 Atmega32_Drivers/HAL/PIR_Sensor_Driver/PIR_Program.o
 .debug_ranges  0x00000070       0x50 Atmega32_Drivers/MCAL/ADC/Atmega32_ADC.o
 .debug_ranges  0x000000c0       0x40 Atmega32_Drivers/MCAL/GPIO/Atmega32_GPIO.o
 .debug_ranges  0x00000100       0x50 Atmega32_Drivers/MCAL/SPI/Atmega32_SPI.o
 .debug_ranges  0x00000150       0x90 Atmega32_Drivers/MCAL/Timer0/Atmega32_Timer0.o
 .debug_ranges  0x000001e0       0x80 Atmega32_Drivers/MCAL/Timer2/Atmega32_Timer2.o
 .debug_ranges  0x00000260       0x60 Atmega32_Drivers/MCAL/UART/Atmega32_UART.o
 .debug_ranges  0x000002c0       0x10 main.o

.debug_macro
 *(.debug_macro)
OUTPUT(Atmega32_Drivers.elf elf32-avr)
LOAD linker stubs
